// Jest Snapshot v1, https://goo.gl/fbAQLP

exports[`ContactModal Tests Snapshot Test 1`] = `
<div
  className="sc-AxjAm ftIVGh"
>
  <div
    className="sc-AxhUy labWcd"
    onClick={[Function]}
    onKeyUp={[Function]}
    tabIndex="0"
  >
    <svg
      color="white"
      fill="currentColor"
      height="1.5rem"
      size="1.5rem"
      stroke="currentColor"
      strokeWidth="0"
      style={
        Object {
          "color": "white",
        }
      }
      viewBox="0 0 352 512"
      width="1.5rem"
      xmlns="http://www.w3.org/2000/svg"
    >
      <path
        d="M242.72 256l100.07-100.07c12.28-12.28 12.28-32.19 0-44.48l-22.24-22.24c-12.28-12.28-32.19-12.28-44.48 0L176 189.28 75.93 89.21c-12.28-12.28-32.19-12.28-44.48 0L9.21 111.45c-12.28 12.28-12.28 32.19 0 44.48L109.28 256 9.21 356.07c-12.28 12.28-12.28 32.19 0 44.48l22.24 22.24c12.28 12.28 32.2 12.28 44.48 0L176 322.72l100.07 100.07c12.28 12.28 32.2 12.28 44.48 0l22.24-22.24c12.28-12.28 12.28-32.19 0-44.48L242.72 256z"
      />
    </svg>
  </div>
  <div
    className="sc-AxirZ hzQwlZ"
  >
    <p>
      <b>
        To: 
      </b>
      <em>
        jason@poolscorer.com
      </em>
    </p>
  </div>
  <div
    className="sc-AxirZ hzQwlZ"
  >
    <p>
      <b>
        From: 
      </b>
    </p>
    <input
      autoFocus={true}
      className="sc-AxiKw kSyWZH"
      minLength={5}
      name="from"
      onChange={[Function]}
      placeholder="your email"
      required={true}
      type="text"
    />
  </div>
  <div
    className="sc-AxirZ hzQwlZ"
  >
    <p>
      <b>
        Subject: 
      </b>
    </p>
    <input
      className="sc-AxiKw kSyWZH"
      name="subject"
      onChange={[Function]}
      placeholder="optional"
      type="text"
    />
  </div>
  <div
    className="sc-AxirZ hzQwlZ"
  >
    <textarea
      className="sc-AxhCb hcOSrO"
      cols="50"
      maxLength={500}
      name="message"
      onChange={[Function]}
      required={true}
      rows="5"
    />
  </div>
  <button
    disabled={true}
    onClick={[Function]}
  >
    Send
  </button>
</div>
`;
