// Jest Snapshot v1, https://goo.gl/fbAQLP

exports[`Button Tests Snapshot Test 1`] = `
<button
  className="sc-AxjAm dwRJcX"
/>
`;
