// Jest Snapshot v1, https://goo.gl/fbAQLP

exports[`BreakBox Tests Snapshot Test 1`] = `
<div
  className="sc-AxjAm hnPlRi"
>
  <div
    className="sc-AxirZ hiwWPf"
  >
    <svg
      fill="currentColor"
      height="1em"
      stroke="currentColor"
      strokeWidth="0"
      style={
        Object {
          "color": undefined,
        }
      }
      viewBox="0 0 320 512"
      width="1em"
      xmlns="http://www.w3.org/2000/svg"
    >
      <path
        d="M313.553 392.331L209.587 504.334c-9.485 10.214-25.676 10.229-35.174 0L70.438 392.331C56.232 377.031 67.062 352 88.025 352H152V80H68.024a11.996 11.996 0 0 1-8.485-3.515l-56-56C-4.021 12.926 1.333 0 12.024 0H208c13.255 0 24 10.745 24 24v328h63.966c20.878 0 31.851 24.969 17.587 40.331z"
      />
    </svg>
  </div>
  <p>
    Break
  </p>
  <div
    className="sc-AxiKw PlJov"
  >
    <svg
      fill="currentColor"
      height="1em"
      stroke="currentColor"
      strokeWidth="0"
      style={
        Object {
          "color": undefined,
        }
      }
      viewBox="0 0 320 512"
      width="1em"
      xmlns="http://www.w3.org/2000/svg"
    >
      <path
        d="M313.553 392.331L209.587 504.334c-9.485 10.214-25.676 10.229-35.174 0L70.438 392.331C56.232 377.031 67.062 352 88.025 352H152V80H68.024a11.996 11.996 0 0 1-8.485-3.515l-56-56C-4.021 12.926 1.333 0 12.024 0H208c13.255 0 24 10.745 24 24v328h63.966c20.878 0 31.851 24.969 17.587 40.331z"
      />
    </svg>
  </div>
</div>
`;
