// Jest Snapshot v1, https://goo.gl/fbAQLP

exports[`Stats Tests Snapshot Test 1`] = `
<p
  className="sc-AxjAm jjvHpt"
>
  : 
</p>
`;
